// Vitest Snapshot v1, https://vitest.dev/guide/snapshot.html

exports[`route manifest > matches the committed snapshot 1`] = `
[
  "(unnamed)  /admin/projects/:projectId()  layers/admin/app/pages/admin/projects/[projectId].vue",
  "admin  /admin  layers/admin/app/pages/admin/index.vue",
  "admin-churches-churchId  /admin/churches/:churchId()  layers/admin/app/pages/admin/churches/[churchId].vue",
  "admin-consents  /admin/consents  layers/admin/app/pages/admin/consents/index.vue",
  "admin-consents-consentId  /admin/consents/:consentId()  layers/admin/app/pages/admin/consents/[consentId].vue",
  "admin-consents-new  /admin/consents/new  layers/admin/app/pages/admin/consents/new.vue",
  "admin-feedback  /admin/feedback  layers/admin/app/pages/admin/feedback/index.vue",
  "admin-maintenance  /admin/maintenance  layers/admin/app/pages/admin/maintenance/index.vue",
  "admin-maintenance-bulk-jobs  /admin/maintenance/bulk-jobs  layers/admin/app/pages/admin/maintenance/bulk-jobs.vue",
  "admin-maintenance-check-points-journal  /admin/maintenance/check-points-journal  layers/admin/app/pages/admin/maintenance/check-points-journal.vue",
  "admin-maintenance-fix-content-progress  /admin/maintenance/fix-content-progress  layers/admin/app/pages/admin/maintenance/fix-content-progress.vue",
  "admin-maintenance-fix-streak-progress  /admin/maintenance/fix-streak-progress  layers/admin/app/pages/admin/maintenance/fix-streak-progress.vue",
  "admin-my-church  /admin/my-church  layers/admin/app/pages/admin/my-church/index.vue",
  "admin-my-church-admins  /admin/my-church/admins  layers/admin/app/pages/admin/my-church/admins.vue",
  "admin-my-church-gamenights  /admin/my-church/gamenights  layers/admin/app/pages/admin/my-church/gamenights/index.vue",
  "admin-my-church-gamenights-gamenight-gamenight  /admin/my-church/gamenights/gamenight-:gamenight()  layers/admin/app/pages/admin/my-church/gamenights/gamenight-[gamenight].vue",
  "admin-my-church-kickoff  /admin/my-church/kickoff  layers/admin/app/pages/admin/my-church/kickoff.vue",
  "admin-my-church-statistics  /admin/my-church/statistics  layers/admin/app/pages/admin/my-church/statistics.vue",
  "admin-my-church-units  /admin/my-church/units  layers/admin/app/pages/admin/my-church/units.vue",
  "admin-projects  /admin/projects  layers/admin/app/pages/admin/projects/index.vue",
  "admin-projects-new  /admin/projects/new  layers/admin/app/pages/admin/projects/new.vue",
  "admin-projects-projectId  /admin/projects/:projectId()/  layers/admin/app/pages/admin/projects/[projectId]/index.vue",
  "admin-projects-projectId-achievements  /admin/projects/:projectId()/achievements  layers/admin/app/pages/admin/projects/[projectId]/achievements/index.vue",
  "admin-projects-projectId-achievements-achievementId  /admin/projects/:projectId()/achievements/:achievementId()  layers/admin/app/pages/admin/projects/[projectId]/achievements/[achievementId].vue",
  "admin-projects-projectId-achievements-new  /admin/projects/:projectId()/achievements/new  layers/admin/app/pages/admin/projects/[projectId]/achievements/new.vue",
  "admin-projects-projectId-challenges  /admin/projects/:projectId()/challenges  layers/admin/app/pages/admin/projects/[projectId]/challenges/index.vue",
  "admin-projects-projectId-challenges-challengeId  /admin/projects/:projectId()/challenges/:challengeId()  layers/admin/app/pages/admin/projects/[projectId]/challenges/[challengeId]/index.vue",
  "admin-projects-projectId-challenges-challengeId-quiz  /admin/projects/:projectId()/challenges/:challengeId()/quiz  layers/admin/app/pages/admin/projects/[projectId]/challenges/[challengeId]/quiz.vue",
  "admin-projects-projectId-challenges-challengeId-sessions  /admin/projects/:projectId()/challenges/:challengeId()/sessions  layers/admin/app/pages/admin/projects/[projectId]/challenges/[challengeId]/sessions.vue",
  "admin-projects-projectId-challenges-new  /admin/projects/:projectId()/challenges/new  layers/admin/app/pages/admin/projects/[projectId]/challenges/new.vue",
  "admin-projects-projectId-edit  /admin/projects/:projectId()/edit  layers/admin/app/pages/admin/projects/[projectId]/edit.vue",
  "admin-projects-projectId-events  /admin/projects/:projectId()/events  layers/admin/app/pages/admin/projects/[projectId]/events/index.vue",
  "admin-projects-projectId-events-eventId  /admin/projects/:projectId()/events/:eventId()  layers/admin/app/pages/admin/projects/[projectId]/events/[eventId].vue",
  "admin-projects-projectId-events-new  /admin/projects/:projectId()/events/new  layers/admin/app/pages/admin/projects/[projectId]/events/new.vue",
  "admin-projects-projectId-leaderboards  /admin/projects/:projectId()/leaderboards  layers/admin/app/pages/admin/projects/[projectId]/leaderboards/index.vue",
  "admin-projects-projectId-leaderboards-leaderboardId  /admin/projects/:projectId()/leaderboards/:leaderboardId()  layers/admin/app/pages/admin/projects/[projectId]/leaderboards/[leaderboardId].vue",
  "admin-projects-projectId-leaderboards-new  /admin/projects/:projectId()/leaderboards/new  layers/admin/app/pages/admin/projects/[projectId]/leaderboards/new.vue",
  "admin-projects-projectId-scores  /admin/projects/:projectId()/scores  layers/admin/app/pages/admin/projects/[projectId]/scores/index.vue",
  "admin-projects-projectId-scores-new  /admin/projects/:projectId()/scores/new  layers/admin/app/pages/admin/projects/[projectId]/scores/new.vue",
  "admin-projects-projectId-superteams  /admin/projects/:projectId()/superteams  layers/admin/app/pages/admin/projects/[projectId]/superteams/index.vue",
  "admin-projects-projectId-superteams-distribute  /admin/projects/:projectId()/superteams/distribute  layers/admin/app/pages/admin/projects/[projectId]/superteams/distribute.vue",
  "admin-projects-projectId-superteams-new  /admin/projects/:projectId()/superteams/new  layers/admin/app/pages/admin/projects/[projectId]/superteams/new.vue",
  "admin-projects-projectId-superteams-superTeamId  /admin/projects/:projectId()/superteams/:superTeamId()  layers/admin/app/pages/admin/projects/[projectId]/superteams/[superTeamId].vue",
  "admin-projects-projectId-teams  /admin/projects/:projectId()/teams  layers/admin/app/pages/admin/projects/[projectId]/teams/index.vue",
  "admin-projects-projectId-teams-teamId  /admin/projects/:projectId()/teams/:teamId()  layers/admin/app/pages/admin/projects/[projectId]/teams/[teamId].vue",
  "admin-scores  /admin/scores  layers/admin/app/pages/admin/scores/index.vue",
  "admin-scores-new  /admin/scores/new  layers/admin/app/pages/admin/scores/new.vue",
  "admin-teams  /admin/teams  layers/admin/app/pages/admin/teams/index.vue",
  "admin-teams-teamId  /admin/teams/:teamId()  layers/admin/app/pages/admin/teams/[teamId].vue",
  "admin-users  /admin/users  layers/admin/app/pages/admin/users/index.vue",
  "admin-users-userId  /admin/users/:userId()  layers/admin/app/pages/admin/users/[userId]/index.vue",
  "admin-users-userId-achievements  /admin/users/:userId()/achievements  layers/admin/app/pages/admin/users/[userId]/achievements.vue",
  "auth0-callback  /auth0-callback  app/pages/auth0-callback.vue",
  "challenges  /challenges  layers/user/app/pages/challenges/index.vue",
  "challenges-challengeId  /challenges/:challengeId()  layers/user/app/pages/challenges/[challengeId].vue",
  "design-system  /design-system  layers/user/app/pages/design-system.vue",
  "index  /  layers/user/app/pages/index.vue",
  "login  /login  app/pages/login.vue",
  "logout-callback  /logout-callback  app/pages/logout-callback.vue",
  "plugins-ladder-to-heaven-excalibur  /plugins/ladder-to-heaven/excalibur  layers/user/app/pages/plugins/ladder-to-heaven/excalibur.vue",
  "settings  /settings  layers/user/app/pages/settings/index.vue",
  "settings-add-to-home  /settings/add-to-home  layers/user/app/pages/settings/add-to-home.vue",
  "settings-consent  /settings/consent  layers/user/app/pages/settings/consent.vue",
  "standings  /standings  layers/user/app/pages/standings.vue",
]
`;
