// Vitest Snapshot v1, https://vitest.dev/guide/snapshot.html

exports[`route manifest > matches the committed snapshot 1`] = `
[
  "(unnamed)  /admin/projects/:projectId()  pages/admin/projects/[projectId].vue",
  "admin  /admin  pages/admin/index.vue",
  "admin-churches-churchId  /admin/churches/:churchId()  pages/admin/churches/[churchId].vue",
  "admin-consents  /admin/consents  pages/admin/consents/index.vue",
  "admin-consents-consentId  /admin/consents/:consentId()  pages/admin/consents/[consentId].vue",
  "admin-consents-new  /admin/consents/new  pages/admin/consents/new.vue",
  "admin-feedback  /admin/feedback  pages/admin/feedback/index.vue",
  "admin-maintenance  /admin/maintenance  pages/admin/maintenance/index.vue",
  "admin-maintenance-bulk-jobs  /admin/maintenance/bulk-jobs  pages/admin/maintenance/bulk-jobs.vue",
  "admin-maintenance-check-points-journal  /admin/maintenance/check-points-journal  pages/admin/maintenance/check-points-journal.vue",
  "admin-maintenance-fix-content-progress  /admin/maintenance/fix-content-progress  pages/admin/maintenance/fix-content-progress.vue",
  "admin-maintenance-fix-streak-progress  /admin/maintenance/fix-streak-progress  pages/admin/maintenance/fix-streak-progress.vue",
  "admin-my-church  /admin/my-church  pages/admin/my-church/index.vue",
  "admin-my-church-admins  /admin/my-church/admins  pages/admin/my-church/admins.vue",
  "admin-my-church-gamenights  /admin/my-church/gamenights  pages/admin/my-church/gamenights/index.vue",
  "admin-my-church-gamenights-gamenight-gamenight  /admin/my-church/gamenights/gamenight-:gamenight()  pages/admin/my-church/gamenights/gamenight-[gamenight].vue",
  "admin-my-church-kickoff  /admin/my-church/kickoff  pages/admin/my-church/kickoff.vue",
  "admin-my-church-statistics  /admin/my-church/statistics  pages/admin/my-church/statistics.vue",
  "admin-my-church-units  /admin/my-church/units  pages/admin/my-church/units.vue",
  "admin-projects  /admin/projects  pages/admin/projects/index.vue",
  "admin-projects-new  /admin/projects/new  pages/admin/projects/new.vue",
  "admin-projects-projectId  /admin/projects/:projectId()/  pages/admin/projects/[projectId]/index.vue",
  "admin-projects-projectId-achievements  /admin/projects/:projectId()/achievements  pages/admin/projects/[projectId]/achievements/index.vue",
  "admin-projects-projectId-achievements-achievementId  /admin/projects/:projectId()/achievements/:achievementId()  pages/admin/projects/[projectId]/achievements/[achievementId].vue",
  "admin-projects-projectId-achievements-new  /admin/projects/:projectId()/achievements/new  pages/admin/projects/[projectId]/achievements/new.vue",
  "admin-projects-projectId-challenges  /admin/projects/:projectId()/challenges  pages/admin/projects/[projectId]/challenges/index.vue",
  "admin-projects-projectId-challenges-challengeId  /admin/projects/:projectId()/challenges/:challengeId()  pages/admin/projects/[projectId]/challenges/[challengeId]/index.vue",
  "admin-projects-projectId-challenges-challengeId-quiz  /admin/projects/:projectId()/challenges/:challengeId()/quiz  pages/admin/projects/[projectId]/challenges/[challengeId]/quiz.vue",
  "admin-projects-projectId-challenges-challengeId-sessions  /admin/projects/:projectId()/challenges/:challengeId()/sessions  pages/admin/projects/[projectId]/challenges/[challengeId]/sessions.vue",
  "admin-projects-projectId-challenges-new  /admin/projects/:projectId()/challenges/new  pages/admin/projects/[projectId]/challenges/new.vue",
  "admin-projects-projectId-edit  /admin/projects/:projectId()/edit  pages/admin/projects/[projectId]/edit.vue",
  "admin-projects-projectId-events  /admin/projects/:projectId()/events  pages/admin/projects/[projectId]/events/index.vue",
  "admin-projects-projectId-events-eventId  /admin/projects/:projectId()/events/:eventId()  pages/admin/projects/[projectId]/events/[eventId].vue",
  "admin-projects-projectId-events-new  /admin/projects/:projectId()/events/new  pages/admin/projects/[projectId]/events/new.vue",
  "admin-projects-projectId-superteams  /admin/projects/:projectId()/superteams  pages/admin/projects/[projectId]/superteams/index.vue",
  "admin-projects-projectId-superteams-distribute  /admin/projects/:projectId()/superteams/distribute  pages/admin/projects/[projectId]/superteams/distribute.vue",
  "admin-projects-projectId-superteams-new  /admin/projects/:projectId()/superteams/new  pages/admin/projects/[projectId]/superteams/new.vue",
  "admin-projects-projectId-superteams-superTeamId  /admin/projects/:projectId()/superteams/:superTeamId()  pages/admin/projects/[projectId]/superteams/[superTeamId].vue",
  "admin-scores  /admin/scores  pages/admin/scores/index.vue",
  "admin-scores-new  /admin/scores/new  pages/admin/scores/new.vue",
  "admin-teams  /admin/teams  pages/admin/teams/index.vue",
  "admin-teams-teamId  /admin/teams/:teamId()  pages/admin/teams/[teamId].vue",
  "admin-users  /admin/users  pages/admin/users/index.vue",
  "admin-users-userId  /admin/users/:userId()  pages/admin/users/[userId]/index.vue",
  "admin-users-userId-achievements  /admin/users/:userId()/achievements  pages/admin/users/[userId]/achievements.vue",
  "auth0-callback  /auth0-callback  pages/auth0-callback.vue",
  "challenges  /challenges  pages/challenges/index.vue",
  "challenges-challengeId  /challenges/:challengeId()  pages/challenges/[challengeId].vue",
  "design-system  /design-system  pages/design-system.vue",
  "index  /  pages/index.vue",
  "login  /login  pages/login.vue",
  "logout-callback  /logout-callback  pages/logout-callback.vue",
  "plugins-ladder-to-heaven-excalibur  /plugins/ladder-to-heaven/excalibur  pages/plugins/ladder-to-heaven/excalibur.vue",
  "settings  /settings  pages/settings/index.vue",
  "settings-add-to-home  /settings/add-to-home  pages/settings/add-to-home.vue",
  "settings-consent  /settings/consent  pages/settings/consent.vue",
  "standings  /standings  pages/standings.vue",
]
`;
